/home/keio/git_and_docker_cpptest/git_and_docker/DevelopSampleProject/BugDetective/.metadata/.plugins/org.eclipse.cdt.make.core/specs.c
/home/keio/git_and_docker_cpptest/git_and_docker/DevelopSampleProject/BugDetective/.metadata/.plugins/org.eclipse.cdt.make.core/specs.cpp
/home/keio/git_and_docker_cpptest/git_and_docker/DevelopSampleProject/BugDetective/arrayOutOfBounds.c
/home/keio/git_and_docker_cpptest/git_and_docker/DevelopSampleProject/BugDetective/bufferOverflow.c
/home/keio/git_and_docker_cpptest/git_and_docker/DevelopSampleProject/BugDetective/dbutil.c
/home/keio/git_and_docker_cpptest/git_and_docker/DevelopSampleProject/BugDetective/dbutil.h
/home/keio/git_and_docker_cpptest/git_and_docker/DevelopSampleProject/BugDetective/divisionByZero.c
/home/keio/git_and_docker_cpptest/git_and_docker/DevelopSampleProject/BugDetective/fileLeaks.c
/home/keio/git_and_docker_cpptest/git_and_docker/DevelopSampleProject/BugDetective/integerOverflow.c
/home/keio/git_and_docker_cpptest/git_and_docker/DevelopSampleProject/BugDetective/memoryLeaks.c
/home/keio/git_and_docker_cpptest/git_and_docker/DevelopSampleProject/BugDetective/nullPointerDeref.c
/home/keio/git_and_docker_cpptest/git_and_docker/DevelopSampleProject/BugDetective/nullPointerDerefBenchmark.c
/home/keio/git_and_docker_cpptest/git_and_docker/DevelopSampleProject/BugDetective/socket.h
/home/keio/git_and_docker_cpptest/git_and_docker/DevelopSampleProject/BugDetective/sql.c
/home/keio/git_and_docker_cpptest/git_and_docker/DevelopSampleProject/BugDetective/sql.h
/home/keio/git_and_docker_cpptest/git_and_docker/DevelopSampleProject/BugDetective/sqlInjection.c
/home/keio/git_and_docker_cpptest/git_and_docker/DevelopSampleProject/BugDetective/unreachableCode.c
/home/keio/git_and_docker_cpptest/git_and_docker/DevelopSampleProject/BugDetective/useBeforeInit.c
